
=== launch 2026-05-23 18:51:00 ===

────────────────────────────────────────────────
  📸  本地相册 · IG 下载器
────────────────────────────────────────────────
  目标账号: @___________as____
  保存位置: F:\Download\本地IG\___________as____
────────────────────────────────────────────────

🔑  使用手动 sessionid…
✓ sessionid 已设置，登入用户: @jinmoli168888

🔍  获取账号信息…
⚠️  无法读取帖子总数（mediacount）：400 Bad Request - "fail" status, message "invalid request" when accessing https://www.instagram.com/graphql/query
    将切换为降级模式继续下载（建议同时提供 --count）
❌  Instagram 接口拒绝请求：400 Bad Request - "fail" status, message "invalid request" when accessing https://www.instagram.com/graphql/query
    常见原因：当前 Cookie / 会话对 GraphQL 查询受限

  💡 建议：
     1. 先改用 --sessionid（优先）
     2. count 先用小值（如 20）
     3. 若仍失败，过几分钟重试，或重新登录 Instagram 后再取 sessionid

=== launch 2026-05-23 18:54:46 ===

────────────────────────────────────────────────
  📸  本地相册 · IG 下载器
────────────────────────────────────────────────
  目标账号: @___________as____
  保存位置: F:\Download\本地IG\___________as____
────────────────────────────────────────────────

🔑  使用手动 sessionid…
✓ sessionid 已设置，登入用户: @jinmoli168888

🔍  获取账号信息…
⚠️  无法读取帖子总数（mediacount）：400 Bad Request - "fail" status, message "invalid request" when accessing https://www.instagram.com/graphql/query
    将切换为降级模式继续下载（建议同时提供 --count）
❌  Instagram 接口拒绝请求：400 Bad Request - "fail" status, message "invalid request" when accessing https://www.instagram.com/graphql/query
    常见原因：当前 Cookie / 会话对 GraphQL 查询受限

  💡 建议：
     1. 先改用 --sessionid（优先）
     2. count 先用小值（如 20）
     3. 若仍失败，过几分钟重试，或重新登录 Instagram 后再取 sessionid

=== launch 2026-05-23 18:55:58 ===

────────────────────────────────────────────────
  📸  本地相册 · IG 下载器
────────────────────────────────────────────────
  目标账号: @___________as____
  保存位置: F:\Download\本地IG\___________as____
────────────────────────────────────────────────

🔑  使用手动 sessionid…
✓ sessionid 已设置，登入用户: @jinmoli168888

🔍  获取账号信息…
⚠️  无法读取帖子总数（mediacount）：400 Bad Request - "fail" status, message "invalid request" when accessing https://www.instagram.com/graphql/query
    将切换为降级模式继续下载（建议同时提供 --count）
❌  Instagram 接口拒绝请求：400 Bad Request - "fail" status, message "invalid request" when accessing https://www.instagram.com/graphql/query
    常见原因：当前 Cookie / 会话对 GraphQL 查询受限

  💡 建议：
     1. 先改用 --sessionid（优先）
     2. count 先用小值（如 20）
     3. 若仍失败，过几分钟重试，或重新登录 Instagram 后再取 sessionid

=== launch 2026-05-23 19:34:34 ===

────────────────────────────────────────────────
  📸  本地相册 · IG 下载器
────────────────────────────────────────────────
  目标账号: @___________as____
  保存位置: F:\Download\本地IG\___________as____
────────────────────────────────────────────────

🔑  使用手动 sessionid…
✓ sessionid 已设置，登入用户: @jinmoli168888

🔍  获取账号信息…
⚠️  无法读取帖子总数（mediacount）：400 Bad Request - "fail" status, message "invalid request" when accessing https://www.instagram.com/graphql/query
    将切换为降级模式继续下载（建议同时提供 --count）
⚠️  GraphQL 接口受限：400 Bad Request - "fail" status, message "invalid request" when accessing https://www.instagram.com/graphql/query
    尝试切换到移动端 API 降级模式…
❌  降级模式失败：429 Client Error: Too Many Requests for url: https://www.instagram.com/api/v1/users/web_profile_info/?username=___________as____
    请更换 sessionid 后重试

=== launch 2026-05-23 19:35:45 ===

=== launch 2026-05-23 19:39:12 ===

────────────────────────────────────────────────
  📸  本地相册 · IG 下载器
────────────────────────────────────────────────
  目标账号: @___________as____
  保存位置: F:\Download\本地IG\___________as____
────────────────────────────────────────────────

🔑  使用手动 sessionid…
✓ sessionid 已设置，登入用户: @zzxzzz668

🔍  获取账号信息…
⚠️  无法读取帖子总数（mediacount）：400 Bad Request - "fail" status, message "invalid request" when accessing https://www.instagram.com/graphql/query
    将切换为降级模式继续下载（建议同时提供 --count）
⚠️  GraphQL 接口受限：400 Bad Request - "fail" status, message "invalid request" when accessing https://www.instagram.com/graphql/query
    尝试切换到移动端 API 降级模式…
❌  降级模式失败：429 Client Error: Too Many Requests for url: https://www.instagram.com/api/v1/users/web_profile_info/?username=___________as____
    请更换 sessionid 后重试

=== launch 2026-05-23 19:51:16 ===

────────────────────────────────────────────────
  📸  本地相册 · IG 下载器
────────────────────────────────────────────────
  目标账号: @___________as____
  保存位置: F:\Download\本地IG\___________as____
────────────────────────────────────────────────

🔑  使用手动 sessionid…
✓ sessionid 已设置，登入用户: @zzxzzz668

🔍  获取账号信息…
⚠️  无法读取帖子总数（mediacount）：400 Bad Request - "fail" status, message "invalid request" when accessing https://www.instagram.com/graphql/query
    将切换为降级模式继续下载（建议同时提供 --count）
⚠️  GraphQL 接口受限：400 Bad Request - "fail" status, message "invalid request" when accessing https://www.instagram.com/graphql/query
    尝试切换到移动端 API 降级模式…
✓  降级模式就绪，获取到 2 条，准备下载


[1/2] ██████████░░░░░░░░░░ 50%  2020-02-04  /p/B8JVkbFJeUJ
  ↳ 图片 1/1  (113 KB)
  ✓ contributors | featuring…
  ✓  已下載（共 1 條）
  ⏱  等待 2.0s…
[2/2] ████████████████████ 100%  2022-06-29  /p/CfY5GNAPr5l
  ↳ 图片 1/1  (58 KB)
  ✓ #ash_me
  ✓  已下載（共 2 條）

────────────────────────────────────────────────
  ✅  完成  下载 2 | 已有 0 | 失败 0
────────────────────────────────────────────────

  📂  文件夹已自动打开: F:\Download\本地IG\___________as____
  🔗  file:///F:/Download/%E6%9C%AC%E5%9C%B0IG/___________as____

  📱  在本地相册中查看:
      1. 用 Chrome / Edge 打开 local-ig.html
      2. 点「选择文件夹」，选择上方目录


=== launch 2026-05-23 19:55:25 ===

────────────────────────────────────────────────
  📸  本地相册 · IG 下载器
────────────────────────────────────────────────
  目标账号: @___________as____
  保存位置: F:\Download\本地IG\___________as____
────────────────────────────────────────────────

🔑  使用手动 sessionid…
✓ sessionid 已设置，登入用户: @zzxzzz668

🔍  获取账号信息…
⚠️  无法读取帖子总数（mediacount）：400 Bad Request - "fail" status, message "invalid request" when accessing https://www.instagram.com/graphql/query
    将切换为降级模式继续下载（建议同时提供 --count）
⚠️  GraphQL 接口受限：400 Bad Request - "fail" status, message "invalid request" when accessing https://www.instagram.com/graphql/query
    尝试切换到移动端 API 降级模式…
✓  降级模式就绪，获取到 2 条，准备下载


[1/2] ██████████░░░░░░░░░░ 50%  2020-02-04  /p/B8JVkbFJeUJ
  ↳ 已存在，跳过
  ↳  已存在，跳過
  ⏱  等待 2.1s…
[2/2] ████████████████████ 100%  2022-06-29  /p/CfY5GNAPr5l
  ↳ 已存在，跳过
  ↳  已存在，跳過

────────────────────────────────────────────────
  ✅  完成  下载 0 | 已有 2 | 失败 0
────────────────────────────────────────────────

  📂  文件夹已自动打开: F:\Download\本地IG\___________as____
  🔗  file:///F:/Download/%E6%9C%AC%E5%9C%B0IG/___________as____

  📱  在本地相册中查看:
      1. 用 Chrome / Edge 打开 local-ig.html
      2. 点「选择文件夹」，选择上方目录

